MPLINK 4.48, Linker
Linker Map File - Created Fri Dec 29 14:40:12 2023

                                 Section Info
                  Section       Type    Address   Location Size(Bytes)
                ---------  ---------  ---------  ---------  ---------
                   .org_0       code   0x000000    program   0x000026
                   .cinit    romdata   0x000013    program   0x000004



                              Program Memory Usage 
                               Start         End      
                           ---------   ---------      
                            0x000000    0x000014      
            21 out of 8454 program addresses used, program memory utilization is 0%



                              Symbols - Sorted by Name
                     Name    Address   Location    Storage File                     
                ---------  ---------  ---------  --------- ---------                
                    Devam   0x000005    program     static C:\PIC\004_Led_example_libraries\004_Led_example_libraries.asm
                 Gecikme2   0x00000a    program     static C:\PIC\004_Led_example_libraries\004_Led_example_libraries.asm
                     SAY1   0x00000c    program     static C:\PIC\004_Led_example_libraries\004_Led_example_libraries.asm
                     SAY2   0x00000e    program     static C:\PIC\004_Led_example_libraries\004_Led_example_libraries.asm



                              Symbols - Sorted by Address
                     Name    Address   Location    Storage File                     
                ---------  ---------  ---------  --------- ---------                
                    Devam   0x000005    program     static C:\PIC\004_Led_example_libraries\004_Led_example_libraries.asm
                 Gecikme2   0x00000a    program     static C:\PIC\004_Led_example_libraries\004_Led_example_libraries.asm
                     SAY1   0x00000c    program     static C:\PIC\004_Led_example_libraries\004_Led_example_libraries.asm
                     SAY2   0x00000e    program     static C:\PIC\004_Led_example_libraries\004_Led_example_libraries.asm


