MPLINK 4.48, Linker
Linker Map File - Created Thu Dec 28 20:00:54 2023

                                 Section Info
                  Section       Type    Address   Location Size(Bytes)
                ---------  ---------  ---------  ---------  ---------
                   .org_0       code   0x000000    program   0x000020
                   .cinit    romdata   0x000010    program   0x000004



                              Program Memory Usage 
                               Start         End      
                           ---------   ---------      
                            0x000000    0x000011      
            18 out of 8454 program addresses used, program memory utilization is 0%



                              Symbols - Sorted by Name
                     Name    Address   Location    Storage File                     
                ---------  ---------  ---------  --------- ---------                
                    Devam   0x000005    program     static C:\PIC\002_Led_example_2\002_Led_example_2.asm
                     SAY1   0x000008    program     static C:\PIC\002_Led_example_2\002_Led_example_2.asm
                     SAY2   0x00000d    program     static C:\PIC\002_Led_example_2\002_Led_example_2.asm



                              Symbols - Sorted by Address
                     Name    Address   Location    Storage File                     
                ---------  ---------  ---------  --------- ---------                
                    Devam   0x000005    program     static C:\PIC\002_Led_example_2\002_Led_example_2.asm
                     SAY1   0x000008    program     static C:\PIC\002_Led_example_2\002_Led_example_2.asm
                     SAY2   0x00000d    program     static C:\PIC\002_Led_example_2\002_Led_example_2.asm


