MPLINK 4.48, Linker
Linker Map File - Created Sat Jan 13 21:41:14 2024

                                 Section Info
                  Section       Type    Address   Location Size(Bytes)
                ---------  ---------  ---------  ---------  ---------
                   .org_0       code   0x000000    program   0x00005e
                   .cinit    romdata   0x00002f    program   0x000004



                              Program Memory Usage 
                               Start         End      
                           ---------   ---------      
                            0x000000    0x000030      
            49 out of 8454 program addresses used, program memory utilization is 0%



                              Symbols - Sorted by Name
                     Name    Address   Location    Storage File                     
                ---------  ---------  ---------  --------- ---------                
                    DEVAM   0x00000a    program     static C:\PIC\010_2_seven segment_display_2\seven_Segment.asm
                     DISP   0x000017    program     static C:\PIC\010_2_seven segment_display_2\seven_Segment.asm
                    GECIK   0x00001d    program     static C:\PIC\010_2_seven segment_display_2\seven_Segment.asm
                    RESET   0x000015    program     static C:\PIC\010_2_seven segment_display_2\seven_Segment.asm
                   SEVSEG   0x000024    program     static C:\PIC\010_2_seven segment_display_2\seven_Segment.asm
                     say1   0x00001f    program     static C:\PIC\010_2_seven segment_display_2\seven_Segment.asm



                              Symbols - Sorted by Address
                     Name    Address   Location    Storage File                     
                ---------  ---------  ---------  --------- ---------                
                    DEVAM   0x00000a    program     static C:\PIC\010_2_seven segment_display_2\seven_Segment.asm
                    RESET   0x000015    program     static C:\PIC\010_2_seven segment_display_2\seven_Segment.asm
                     DISP   0x000017    program     static C:\PIC\010_2_seven segment_display_2\seven_Segment.asm
                    GECIK   0x00001d    program     static C:\PIC\010_2_seven segment_display_2\seven_Segment.asm
                     say1   0x00001f    program     static C:\PIC\010_2_seven segment_display_2\seven_Segment.asm
                   SEVSEG   0x000024    program     static C:\PIC\010_2_seven segment_display_2\seven_Segment.asm


