MPLINK 4.48, Linker
Linker Map File - Created Thu Jan 25 14:21:56 2024

                                 Section Info
                  Section       Type    Address   Location Size(Bytes)
                ---------  ---------  ---------  ---------  ---------
                   .org_0       code   0x000000    program   0x00002a
                   .cinit    romdata   0x000015    program   0x000004



                              Program Memory Usage 
                               Start         End      
                           ---------   ---------      
                            0x000000    0x000016      
            23 out of 8454 program addresses used, program memory utilization is 0%



                              Symbols - Sorted by Name
                     Name    Address   Location    Storage File                     
                ---------  ---------  ---------  --------- ---------                
                 ANADONGU   0x000006    program     static C:\PIC\005_1_Button_binary_control\Button_binary_control.asm
                    GECIK   0x00000e    program     static C:\PIC\005_1_Button_binary_control\Button_binary_control.asm
                     SAY1   0x000010    program     static C:\PIC\005_1_Button_binary_control\Button_binary_control.asm
           button_kontrol   0x00000a    program     static C:\PIC\005_1_Button_binary_control\Button_binary_control.asm



                              Symbols - Sorted by Address
                     Name    Address   Location    Storage File                     
                ---------  ---------  ---------  --------- ---------                
                 ANADONGU   0x000006    program     static C:\PIC\005_1_Button_binary_control\Button_binary_control.asm
           button_kontrol   0x00000a    program     static C:\PIC\005_1_Button_binary_control\Button_binary_control.asm
                    GECIK   0x00000e    program     static C:\PIC\005_1_Button_binary_control\Button_binary_control.asm
                     SAY1   0x000010    program     static C:\PIC\005_1_Button_binary_control\Button_binary_control.asm


