MPLINK 4.48, Linker
Linker Map File - Created Fri Jan 12 23:00:40 2024

                                 Section Info
                  Section       Type    Address   Location Size(Bytes)
                ---------  ---------  ---------  ---------  ---------
                   .org_0       code   0x000000    program   0x000020



                              Program Memory Usage 
                               Start         End      
                           ---------   ---------      
                            0x000000    0x00000f      
            16 out of 8454 program addresses used, program memory utilization is 0%



                              Symbols - Sorted by Name
                     Name    Address   Location    Storage File                     
                ---------  ---------  ---------  --------- ---------                
                    Devam   0x000005    program     static C:\PIC\001_Led_Project\001_Led_Project.asm
                     SAY1   0x000008    program     static C:\PIC\001_Led_Project\001_Led_Project.asm
                     SAY2   0x00000d    program     static C:\PIC\001_Led_Project\001_Led_Project.asm



                              Symbols - Sorted by Address
                     Name    Address   Location    Storage File                     
                ---------  ---------  ---------  --------- ---------                
                    Devam   0x000005    program     static C:\PIC\001_Led_Project\001_Led_Project.asm
                     SAY1   0x000008    program     static C:\PIC\001_Led_Project\001_Led_Project.asm
                     SAY2   0x00000d    program     static C:\PIC\001_Led_Project\001_Led_Project.asm


