MPLINK 4.48, Linker
Linker Map File - Created Thu Jan 25 14:05:54 2024

                                 Section Info
                  Section       Type    Address   Location Size(Bytes)
                ---------  ---------  ---------  ---------  ---------
                   .cinit    romdata   0x000000    program   0x000004
                   .org_0       code   0x000100    program   0x00005c



                              Program Memory Usage 
                               Start         End      
                           ---------   ---------      
                            0x000000    0x000001      
                            0x000100    0x00012d      
            48 out of 8454 program addresses used, program memory utilization is 0%



                              Symbols - Sorted by Name
                     Name    Address   Location    Storage File                     
                ---------  ---------  ---------  --------- ---------                
                ANA_DONGU   0x00010a    program     static C:\PIC\011_1_seven_segment_0_9_with_button\011_1_seven_segment_with_button_0_9.asm
            BUTON_BASILDI   0x00010d    program     static C:\PIC\011_1_seven_segment_0_9_with_button\011_1_seven_segment_with_button_0_9.asm
                  DONGU_M   0x00011e    program     static C:\PIC\011_1_seven_segment_0_9_with_button\011_1_seven_segment_with_button_0_9.asm
                  DONGU_N   0x00011c    program     static C:\PIC\011_1_seven_segment_0_9_with_button\011_1_seven_segment_with_button_0_9.asm
                    GECIK   0x00011a    program     static C:\PIC\011_1_seven_segment_0_9_with_button\011_1_seven_segment_with_button_0_9.asm
                RET_TABLO   0x000124    program     static C:\PIC\011_1_seven_segment_0_9_with_button\011_1_seven_segment_with_button_0_9.asm
                   SEVSEG   0x000123    program     static C:\PIC\011_1_seven_segment_0_9_with_button\011_1_seven_segment_with_button_0_9.asm



                              Symbols - Sorted by Address
                     Name    Address   Location    Storage File                     
                ---------  ---------  ---------  --------- ---------                
                ANA_DONGU   0x00010a    program     static C:\PIC\011_1_seven_segment_0_9_with_button\011_1_seven_segment_with_button_0_9.asm
            BUTON_BASILDI   0x00010d    program     static C:\PIC\011_1_seven_segment_0_9_with_button\011_1_seven_segment_with_button_0_9.asm
                    GECIK   0x00011a    program     static C:\PIC\011_1_seven_segment_0_9_with_button\011_1_seven_segment_with_button_0_9.asm
                  DONGU_N   0x00011c    program     static C:\PIC\011_1_seven_segment_0_9_with_button\011_1_seven_segment_with_button_0_9.asm
                  DONGU_M   0x00011e    program     static C:\PIC\011_1_seven_segment_0_9_with_button\011_1_seven_segment_with_button_0_9.asm
                   SEVSEG   0x000123    program     static C:\PIC\011_1_seven_segment_0_9_with_button\011_1_seven_segment_with_button_0_9.asm
                RET_TABLO   0x000124    program     static C:\PIC\011_1_seven_segment_0_9_with_button\011_1_seven_segment_with_button_0_9.asm


