MPLINK 4.48, Linker
Linker Map File - Created Wed Jan 24 21:40:30 2024

                                 Section Info
                  Section       Type    Address   Location Size(Bytes)
                ---------  ---------  ---------  ---------  ---------
                   .org_0       code   0x000000    program   0x00004a
                   .cinit    romdata   0x000025    program   0x000004



                              Program Memory Usage 
                               Start         End      
                           ---------   ---------      
                            0x000000    0x000026      
            39 out of 8454 program addresses used, program memory utilization is 0%



                              Symbols - Sorted by Name
                     Name    Address   Location    Storage File                     
                ---------  ---------  ---------  --------- ---------                
                    DEVAM   0x000006    program     static C:\PIC\009_2_Seven_Segment_Display_0_9\009_2_Seven_Segment_Display.asm
                   DONGU1   0x000013    program     static C:\PIC\009_2_Seven_Segment_Display_0_9\009_2_Seven_Segment_Display.asm
                   DONGU2   0x000015    program     static C:\PIC\009_2_Seven_Segment_Display_0_9\009_2_Seven_Segment_Display.asm
                    GECIK   0x000011    program     static C:\PIC\009_2_Seven_Segment_Display_0_9\009_2_Seven_Segment_Display.asm
                   SEVSEG   0x00001a    program     static C:\PIC\009_2_Seven_Segment_Display_0_9\009_2_Seven_Segment_Display.asm



                              Symbols - Sorted by Address
                     Name    Address   Location    Storage File                     
                ---------  ---------  ---------  --------- ---------                
                    DEVAM   0x000006    program     static C:\PIC\009_2_Seven_Segment_Display_0_9\009_2_Seven_Segment_Display.asm
                    GECIK   0x000011    program     static C:\PIC\009_2_Seven_Segment_Display_0_9\009_2_Seven_Segment_Display.asm
                   DONGU1   0x000013    program     static C:\PIC\009_2_Seven_Segment_Display_0_9\009_2_Seven_Segment_Display.asm
                   DONGU2   0x000015    program     static C:\PIC\009_2_Seven_Segment_Display_0_9\009_2_Seven_Segment_Display.asm
                   SEVSEG   0x00001a    program     static C:\PIC\009_2_Seven_Segment_Display_0_9\009_2_Seven_Segment_Display.asm


