MPLINK 4.48, Linker
Linker Map File - Created Sat Jan 13 13:15:35 2024

                                 Section Info
                  Section       Type    Address   Location Size(Bytes)
                ---------  ---------  ---------  ---------  ---------
                   .org_0       code   0x000000    program   0x000050
                   .cinit    romdata   0x000028    program   0x000004



                              Program Memory Usage 
                               Start         End      
                           ---------   ---------      
                            0x000000    0x000029      
            42 out of 8454 program addresses used, program memory utilization is 0%



                              Symbols - Sorted by Name
                     Name    Address   Location    Storage File                     
                ---------  ---------  ---------  --------- ---------                
                    DEVAM   0x000007    program     static C:\PIC\008_Seven_Segment_Display\008_Seven_Segment_Display.asm
                    GECÝK   0x00000e    program     static C:\PIC\008_Seven_Segment_Display\008_Seven_Segment_Display.asm
                   SEVSEG   0x000017    program     static C:\PIC\008_Seven_Segment_Display\008_Seven_Segment_Display.asm
                     say1   0x000010    program     static C:\PIC\008_Seven_Segment_Display\008_Seven_Segment_Display.asm
                     say2   0x000012    program     static C:\PIC\008_Seven_Segment_Display\008_Seven_Segment_Display.asm



                              Symbols - Sorted by Address
                     Name    Address   Location    Storage File                     
                ---------  ---------  ---------  --------- ---------                
                    DEVAM   0x000007    program     static C:\PIC\008_Seven_Segment_Display\008_Seven_Segment_Display.asm
                    GECÝK   0x00000e    program     static C:\PIC\008_Seven_Segment_Display\008_Seven_Segment_Display.asm
                     say1   0x000010    program     static C:\PIC\008_Seven_Segment_Display\008_Seven_Segment_Display.asm
                     say2   0x000012    program     static C:\PIC\008_Seven_Segment_Display\008_Seven_Segment_Display.asm
                   SEVSEG   0x000017    program     static C:\PIC\008_Seven_Segment_Display\008_Seven_Segment_Display.asm


