MPLINK 4.48, Linker
Linker Map File - Created Sat Jan 13 00:35:10 2024

                                 Section Info
                  Section       Type    Address   Location Size(Bytes)
                ---------  ---------  ---------  ---------  ---------
                   .org_0       code   0x000000    program   0x000030
                   .cinit    romdata   0x000018    program   0x000004



                              Program Memory Usage 
                               Start         End      
                           ---------   ---------      
                            0x000000    0x000019      
            26 out of 8454 program addresses used, program memory utilization is 0%



                              Symbols - Sorted by Name
                     Name    Address   Location    Storage File                     
                ---------  ---------  ---------  --------- ---------                
                 AnaDongu   0x00000a    program     static C:\PIC\007_Button_Led_Complex\007_Button_Led_Complex.asm
                  Gecikme   0x000013    program     static C:\PIC\007_Button_Led_Complex\007_Button_Led_Complex.asm
                     SAY1   0x000015    program     static C:\PIC\007_Button_Led_Complex\007_Button_Led_Complex.asm
                   dongu1   0x00000a    program     static C:\PIC\007_Button_Led_Complex\007_Button_Led_Complex.asm
                   dongu2   0x00000e    program     static C:\PIC\007_Button_Led_Complex\007_Button_Led_Complex.asm



                              Symbols - Sorted by Address
                     Name    Address   Location    Storage File                     
                ---------  ---------  ---------  --------- ---------                
                 AnaDongu   0x00000a    program     static C:\PIC\007_Button_Led_Complex\007_Button_Led_Complex.asm
                   dongu1   0x00000a    program     static C:\PIC\007_Button_Led_Complex\007_Button_Led_Complex.asm
                   dongu2   0x00000e    program     static C:\PIC\007_Button_Led_Complex\007_Button_Led_Complex.asm
                  Gecikme   0x000013    program     static C:\PIC\007_Button_Led_Complex\007_Button_Led_Complex.asm
                     SAY1   0x000015    program     static C:\PIC\007_Button_Led_Complex\007_Button_Led_Complex.asm


